nohup: ignoring input
data:gisette,number_of_data:6000,dim_features:5000
L:10, mu:1, kappa: 10
GDA: lr_y=0.1,lr_x=5.165289256198347e-05
AGDA: lr_y=0.1,lr_x=0.0002754820936639118
-----------------------------------------------------------------------------------------------
Total Complexity:
sim times: 0 iter: 0 epoch: 0 OC: 0 SC: 0
Current Complexity:
iter: 0 epoch: 0 OC: 0 SC: 0
Iterates Info:
acc: 0.5 , loss: 697762.0554144952 , primalF: 697782.3531655202
||sto grad_x||^2: 16747786.822579974 ||sto grad_y||^2: 40.595502050637236
||true grad_x||^2: 16747786.822579974 ||true grad_y||^2: 40.595502050637236
lr_x: 0.0007052199822002088 , lr_y: 0.18
mu: 1 , kappa: 10
{'N': 1, 'K': 30000.0, 'std_x': 0, 'std_y': 0, 'method': 'PF-AGP-NSC', 'pjx': False, 'pjy': False}
-----------------------------------------------------------------------------------------------


  [Backtracking] Outer iter 1: 3 inner iterations
-----------------------------------------------------------------------------------------------
Total Complexity:
sim times: 0 iter: 100 epoch: 100.0 OC: 100.0 SC: 100
Current Complexity:
iter: 100 epoch: 100.0 OC: 100.0 SC: 100
Iterates Info:
acc: 0.5 , loss: 172586.94791816943 , primalF: 172679.29119199008
||sto grad_x||^2: 2923628.041705092 ||sto grad_y||^2: 184.6865476410844
||true grad_x||^2: 2923628.041705092 ||true grad_y||^2: 184.6865476410844
lr_x: 0.0007052199822002088 , lr_y: 0.18
mu: 1 , kappa: 10
{'N': 1, 'K': 30000.0, 'std_x': 0, 'std_y': 0, 'method': 'PF-AGP-NSC', 'pjx': False, 'pjy': False}
-----------------------------------------------------------------------------------------------


-----------------------------------------------------------------------------------------------
Total Complexity:
sim times: 0 iter: 200 epoch: 200.0 OC: 200.0 SC: 200
Current Complexity:
iter: 200 epoch: 200.0 OC: 200.0 SC: 200
Iterates Info:
acc: 0.5 , loss: 64271.75598382094 , primalF: 64288.49213081418
||sto grad_x||^2: 776506.814902335 ||sto grad_y||^2: 33.4722939865217
||true grad_x||^2: 776506.814902335 ||true grad_y||^2: 33.4722939865217
lr_x: 0.0007052199822002088 , lr_y: 0.18
mu: 1 , kappa: 10
{'N': 1, 'K': 30000.0, 'std_x': 0, 'std_y': 0, 'method': 'PF-AGP-NSC', 'pjx': False, 'pjy': False}
-----------------------------------------------------------------------------------------------


-----------------------------------------------------------------------------------------------
Total Complexity:
sim times: 0 iter: 300 epoch: 300.0 OC: 300.0 SC: 300
Current Complexity:
iter: 300 epoch: 300.0 OC: 300.0 SC: 300
Iterates Info:
acc: 0.5 , loss: 30110.284324697976 , primalF: 30115.184797466267
||sto grad_x||^2: 297075.9936731197 ||sto grad_y||^2: 9.80094553679172
||true grad_x||^2: 297075.9936731197 ||true grad_y||^2: 9.80094553679172
lr_x: 0.0007052199822002088 , lr_y: 0.18
mu: 1 , kappa: 10
{'N': 1, 'K': 30000.0, 'std_x': 0, 'std_y': 0, 'method': 'PF-AGP-NSC', 'pjx': False, 'pjy': False}
-----------------------------------------------------------------------------------------------


-----------------------------------------------------------------------------------------------
Total Complexity:
sim times: 0 iter: 400 epoch: 400.0 OC: 400.0 SC: 400
Current Complexity:
iter: 400 epoch: 400.0 OC: 400.0 SC: 400
Iterates Info:
acc: 0.5 , loss: 15924.492084005615 , primalF: 15926.444202503655
||sto grad_x||^2: 133087.5266293044 ||sto grad_y||^2: 3.9042369959839216
||true grad_x||^2: 133087.5266293044 ||true grad_y||^2: 3.9042369959839216
lr_x: 0.0007052199822002088 , lr_y: 0.18
mu: 1 , kappa: 10
{'N': 1, 'K': 30000.0, 'std_x': 0, 'std_y': 0, 'method': 'PF-AGP-NSC', 'pjx': False, 'pjy': False}
-----------------------------------------------------------------------------------------------


-----------------------------------------------------------------------------------------------
Total Complexity:
sim times: 0 iter: 500 epoch: 500.0 OC: 500.0 SC: 500
Current Complexity:
iter: 500 epoch: 500.0 OC: 500.0 SC: 500
Iterates Info:
acc: 0.5 , loss: 9373.167819135124 , primalF: 9374.0556204014
||sto grad_x||^2: 63165.16852236501 ||sto grad_y||^2: 1.7756025327229132
||true grad_x||^2: 63165.16852236501 ||true grad_y||^2: 1.7756025327229132
lr_x: 0.0007052199822002088 , lr_y: 0.18
mu: 1 , kappa: 10
{'N': 1, 'K': 30000.0, 'std_x': 0, 'std_y': 0, 'method': 'PF-AGP-NSC', 'pjx': False, 'pjy': False}
-----------------------------------------------------------------------------------------------


-----------------------------------------------------------------------------------------------
Total Complexity:
sim times: 0 iter: 600 epoch: 600.0 OC: 600.0 SC: 600
Current Complexity:
iter: 600 epoch: 600.0 OC: 600.0 SC: 600
Iterates Info:
acc: 0.5 , loss: 6224.9118471278925 , primalF: 6225.338041444367
||sto grad_x||^2: 30734.814091191998 ||sto grad_y||^2: 0.8523886330452086
||true grad_x||^2: 30734.814091191998 ||true grad_y||^2: 0.8523886330452086
lr_x: 0.0007052199822002088 , lr_y: 0.18
mu: 1 , kappa: 10
{'N': 1, 'K': 30000.0, 'std_x': 0, 'std_y': 0, 'method': 'PF-AGP-NSC', 'pjx': False, 'pjy': False}
-----------------------------------------------------------------------------------------------


-----------------------------------------------------------------------------------------------
Total Complexity:
sim times: 0 iter: 700 epoch: 700.0 OC: 700.0 SC: 700
Current Complexity:
iter: 700 epoch: 700.0 OC: 700.0 SC: 700
Iterates Info:
acc: 0.5 , loss: 4681.162142795976 , primalF: 4681.373552114994
||sto grad_x||^2: 15213.92642384624 ||sto grad_y||^2: 0.42281863798778196
||true grad_x||^2: 15213.92642384624 ||true grad_y||^2: 0.42281863798778196
lr_x: 0.0007052199822002088 , lr_y: 0.18
mu: 1 , kappa: 10
{'N': 1, 'K': 30000.0, 'std_x': 0, 'std_y': 0, 'method': 'PF-AGP-NSC', 'pjx': False, 'pjy': False}
-----------------------------------------------------------------------------------------------


-----------------------------------------------------------------------------------------------
Total Complexity:
sim times: 0 iter: 800 epoch: 800.0 OC: 800.0 SC: 800
Current Complexity:
iter: 800 epoch: 800.0 OC: 800.0 SC: 800
Iterates Info:
acc: 0.5 , loss: 3910.8921029609046 , primalF: 3911.000813748571
||sto grad_x||^2: 7677.389965106319 ||sto grad_y||^2: 0.21742157496941633
||true grad_x||^2: 7677.389965106319 ||true grad_y||^2: 0.21742157496941633
lr_x: 0.0007052199822002088 , lr_y: 0.18
mu: 1 , kappa: 10
{'N': 1, 'K': 30000.0, 'std_x': 0, 'std_y': 0, 'method': 'PF-AGP-NSC', 'pjx': False, 'pjy': False}
-----------------------------------------------------------------------------------------------


-----------------------------------------------------------------------------------------------
Total Complexity:
sim times: 0 iter: 900 epoch: 900.0 OC: 900.0 SC: 900
Current Complexity:
iter: 900 epoch: 900.0 OC: 900.0 SC: 900
Iterates Info:
acc: 0.5 , loss: 3517.878757745668 , primalF: 3517.9376990201417
||sto grad_x||^2: 3983.1556033481156 ||sto grad_y||^2: 0.11788254889516252
||true grad_x||^2: 3983.1556033481156 ||true grad_y||^2: 0.11788254889516252
lr_x: 0.0007052199822002088 , lr_y: 0.18
mu: 1 , kappa: 10
{'N': 1, 'K': 30000.0, 'std_x': 0, 'std_y': 0, 'method': 'PF-AGP-NSC', 'pjx': False, 'pjy': False}
-----------------------------------------------------------------------------------------------


-----------------------------------------------------------------------------------------------
Total Complexity:
sim times: 0 iter: 1000 epoch: 1000.0 OC: 1000.0 SC: 1000
Current Complexity:
iter: 1000 epoch: 1000.0 OC: 1000.0 SC: 1000
Iterates Info:
acc: 0.5 , loss: 3310.4746405169135 , primalF: 3310.509231458651
||sto grad_x||^2: 2157.476270023982 ||sto grad_y||^2: 0.06918188347242059
||true grad_x||^2: 2157.476270023982 ||true grad_y||^2: 0.06918188347242059
lr_x: 0.0007052199822002088 , lr_y: 0.18
mu: 1 , kappa: 10
{'N': 1, 'K': 30000.0, 'std_x': 0, 'std_y': 0, 'method': 'PF-AGP-NSC', 'pjx': False, 'pjy': False}
-----------------------------------------------------------------------------------------------


-----------------------------------------------------------------------------------------------
Total Complexity:
sim times: 0 iter: 1100 epoch: 1100.0 OC: 1100.0 SC: 1100
Current Complexity:
iter: 1100 epoch: 1100.0 OC: 1100.0 SC: 1100
Iterates Info:
acc: 0.5 , loss: 3195.1357586688246 , primalF: 3195.1583266669186
||sto grad_x||^2: 1247.7353238466465 ||sto grad_y||^2: 0.04513599657410871
||true grad_x||^2: 1247.7353238466465 ||true grad_y||^2: 0.04513599657410871
lr_x: 0.0007052199822002088 , lr_y: 0.18
mu: 1 , kappa: 10
{'N': 1, 'K': 30000.0, 'std_x': 0, 'std_y': 0, 'method': 'PF-AGP-NSC', 'pjx': False, 'pjy': False}
-----------------------------------------------------------------------------------------------


-----------------------------------------------------------------------------------------------
Total Complexity:
sim times: 0 iter: 1200 epoch: 1200.0 OC: 1200.0 SC: 1200
Current Complexity:
iter: 1200 epoch: 1200.0 OC: 1200.0 SC: 1200
Iterates Info:
acc: 0.5 , loss: 3125.8568281900953 , primalF: 3125.8733968993183
||sto grad_x||^2: 790.248811303124 ||sto grad_y||^2: 0.03313741828166467
||true grad_x||^2: 790.248811303124 ||true grad_y||^2: 0.03313741828166467
lr_x: 0.0007052199822002088 , lr_y: 0.18
mu: 1 , kappa: 10
{'N': 1, 'K': 30000.0, 'std_x': 0, 'std_y': 0, 'method': 'PF-AGP-NSC', 'pjx': False, 'pjy': False}
-----------------------------------------------------------------------------------------------


-----------------------------------------------------------------------------------------------
Total Complexity:
sim times: 0 iter: 1300 epoch: 1300.0 OC: 1300.0 SC: 1300
Current Complexity:
iter: 1300 epoch: 1300.0 OC: 1300.0 SC: 1300
Iterates Info:
acc: 0.5 , loss: 3079.8477888787747 , primalF: 3079.8613222136046
||sto grad_x||^2: 557.7007508240869 ||sto grad_y||^2: 0.027066669480000253
||true grad_x||^2: 557.7007508240869 ||true grad_y||^2: 0.027066669480000253
lr_x: 0.0007052199822002088 , lr_y: 0.18
mu: 1 , kappa: 10
{'N': 1, 'K': 30000.0, 'std_x': 0, 'std_y': 0, 'method': 'PF-AGP-NSC', 'pjx': False, 'pjy': False}
-----------------------------------------------------------------------------------------------


-----------------------------------------------------------------------------------------------
Total Complexity:
sim times: 0 iter: 1400 epoch: 1400.0 OC: 1400.0 SC: 1400
Current Complexity:
iter: 1400 epoch: 1400.0 OC: 1400.0 SC: 1400
Iterates Info:
acc: 0.5 , loss: 3045.7348121196846 , primalF: 3045.7467786429916
||sto grad_x||^2: 437.88685012501986 ||sto grad_y||^2: 0.023933046651184234
||true grad_x||^2: 437.88685012501986 ||true grad_y||^2: 0.023933046651184234
lr_x: 0.0007052199822002088 , lr_y: 0.18
mu: 1 , kappa: 10
{'N': 1, 'K': 30000.0, 'std_x': 0, 'std_y': 0, 'method': 'PF-AGP-NSC', 'pjx': False, 'pjy': False}
-----------------------------------------------------------------------------------------------


-----------------------------------------------------------------------------------------------
Total Complexity:
sim times: 0 iter: 1500 epoch: 1500.0 OC: 1500.0 SC: 1500
Current Complexity:
iter: 1500 epoch: 1500.0 OC: 1500.0 SC: 1500
Iterates Info:
acc: 0.5 , loss: 3017.796776504605 , primalF: 3017.8079091911204
||sto grad_x||^2: 375.0363155790812 ||sto grad_y||^2: 0.022265372754551104
||true grad_x||^2: 375.0363155790812 ||true grad_y||^2: 0.022265372754551104
lr_x: 0.0007052199822002088 , lr_y: 0.18
mu: 1 , kappa: 10
{'N': 1, 'K': 30000.0, 'std_x': 0, 'std_y': 0, 'method': 'PF-AGP-NSC', 'pjx': False, 'pjy': False}
-----------------------------------------------------------------------------------------------


